%!Adobe-FontList 1.18
%Locale:0x409

%BeginFont
Handler:DirectoryHandler
FontType:TrueType
FontName:FranklinGothic-Demi
FamilyName:Franklin Gothic Demi
StyleName:Regular
MenuName:Franklin Gothic Demi
StyleBits:0
WeightClass:400
WidthClass:5
AngleClass:0
FullName:Franklin Gothic Demi
WritingScript:Roman
OutlineFileName:\FRADM.TTF
DataFormat:sfntData
hasSVG:no
FileLength:142932
FileModTime:924859374
NameArray:0,Mac,4,Franklin Gothic Demi
NameArray:0,Win,1,Franklin Gothic Demi
%EndFont

%BeginFont
Handler:DirectoryHandler
FontType:TrueType
FontName:FranklinGothicCondensed
FamilyName:Franklin Gothic
StyleName:Condensed
MenuName:Franklin Gothic
StyleBits:0
WeightClass:400
WidthClass:4
AngleClass:0
FullName:Franklin Gothic Condensed
WritingScript:Roman
OutlineFileName:\FRANKGO.TTF
DataFormat:sfntData
hasSVG:no
FileLength:29480
FileModTime:1520567273
NameArray:0,Mac,4,Franklin Gothic Condensed
NameArray:0,Win,1,Franklin Gothic
%EndFont

%BeginFont
Handler:DirectoryHandler
FontType:Type1
FontName:MinionPro-Regular
FamilyName:Minion Pro
StyleName:Regular
MenuName:Minion Pro
StyleBits:0
WeightClass:400
WidthClass:5
AngleClass:0
FullName:Minion Pro
WritingScript:Roman
OutlineFileName:\MinionPro-Regular.otf
DataFormat:sfntData
UsesStandardEncoding:yes
isCFF:yes
hasSVG:no
FileLength:174112
FileModTime:974757916
DesignSize:110
NameArray:0,Mac,4,Minion Pro
NameArray:0,Win,1,Minion Pro
%EndFont

%BeginFont
Handler:DirectoryHandler
FontType:TrueType
FontName:NewsGothicMT
FamilyName:News Gothic MT
StyleName:Regular
MenuName:News Gothic MT
StyleBits:0
WeightClass:400
WidthClass:5
AngleClass:0
FullName:News Gothic MT
WritingScript:Roman
OutlineFileName:\News Gothic MT
DataFormat:sfntResource
ResourceID:4096
hasSVG:no
FileLength:218725
FileModTime:1276583236
NameArray:0,Mac,4,News Gothic MT
NameArray:0,Win,1,News Gothic MT
%EndFont

%BeginFont
Handler:DirectoryHandler
FontType:TrueType
FontName:NewsGothicMT-Bold
FamilyName:News Gothic MT
StyleName:Bold
MenuName:News Gothic MT
StyleBits:2
WeightClass:700
WidthClass:5
AngleClass:0
FullName:News Gothic MT Bold
WritingScript:Roman
OutlineFileName:\News Gothic MT
DataFormat:sfntResource
ResourceID:4097
hasSVG:no
FileLength:218725
FileModTime:1276583236
NameArray:0,Mac,4,News Gothic MT Bold
NameArray:0,Win,1,News Gothic MT
%EndFont

%BeginFont
Handler:DirectoryHandler
FontType:TrueType
FontName:NewsGothicMT-Italic
FamilyName:News Gothic MT
StyleName:Italic
MenuName:News Gothic MT
StyleBits:1
WeightClass:400
WidthClass:5
AngleClass:1
FullName:News Gothic MT Italic
WritingScript:Roman
OutlineFileName:\News Gothic MT
DataFormat:sfntResource
ResourceID:4098
hasSVG:no
FileLength:218725
FileModTime:1276583236
NameArray:0,Mac,4,News Gothic MT Italic
NameArray:0,Win,1,News Gothic MT
%EndFont

%BeginFont
Handler:DirectoryHandler
FontType:Suitcase
FontName:NewsGothicMT
OutlineFileName:\News Gothic MT
ResourceID:2074
MacStyle:0
FileLength:218725
FileModTime:1276583236
%EndFont

%BeginFont
Handler:DirectoryHandler
FontType:Suitcase
FontName:NewsGothicMT-Bold
OutlineFileName:\News Gothic MT
ResourceID:2074
MacStyle:1
FileLength:218725
FileModTime:1276583236
%EndFont

%BeginFont
Handler:DirectoryHandler
FontType:Suitcase
FontName:NewsGothicMT-Italic
OutlineFileName:\News Gothic MT
ResourceID:2074
MacStyle:2
FileLength:218725
FileModTime:1276583236
%EndFont

%BeginFont
Handler:DirectoryHandler
FontType:Suitcase
FontName:NewsGothicMT
OutlineFileName:\News Gothic MT
ResourceID:2074
MacStyle:3
FileLength:218725
FileModTime:1276583236
%EndFont

